[transformers] `torch_dtype` is deprecated! Use `dtype` instead!
Loading weights:   0%|          | 0/391 [00:00<?, ?it/s]Loading weights:   1%|          | 3/391 [00:00<00:13, 28.91it/s]Loading weights:   2%|▏         | 6/391 [00:02<03:13,  1.99it/s]Loading weights: 100%|██████████| 391/391 [00:02<00:00, 150.36it/s]
bench: {"n_tasks": 400, "n_sessions": 429, "levels": {"L4": 44, "L1": 230, "L2": 111, "L3": 15}, "grounding_types": {"explicit": 368, "inferred": 181, "default": 317}, "tasks_without_session": 16}
extraction jobs: 871
  100/871 jobs, 1121 facts
  200/871 jobs, 2090 facts
  300/871 jobs, 3103 facts
  400/871 jobs, 4287 facts
  500/871 jobs, 5146 facts
  600/871 jobs, 6213 facts
  700/871 jobs, 7400 facts
  800/871 jobs, 8803 facts
facts: 9620 (cached to /mnt/e/hx/_DoctorXtion/intern_shxt/m2a/results/mem0_facts.jsonl)
  50/400  n=50  F1=37.01  BLEU1=39.34  TA(TSA)=98.00  EM=14.00  ArgF1=37.77 (n=49)  SlotAcc=30.56
  100/400  n=100  F1=39.04  BLEU1=41.70  TA(TSA)=97.00  EM=15.00  ArgF1=40.25 (n=97)  SlotAcc=32.41
  150/400  n=150  F1=37.78  BLEU1=39.49  TA(TSA)=98.00  EM=18.00  ArgF1=38.55 (n=147)  SlotAcc=32.63
  200/400  n=200  F1=37.86  BLEU1=38.95  TA(TSA)=98.00  EM=18.00  ArgF1=38.63 (n=196)  SlotAcc=32.64
  250/400  n=250  F1=38.14  BLEU1=39.46  TA(TSA)=98.00  EM=17.60  ArgF1=38.92 (n=245)  SlotAcc=32.54
  300/400  n=300  F1=37.15  BLEU1=38.71  TA(TSA)=97.33  EM=17.33  ArgF1=37.88 (n=292)  SlotAcc=31.60
  350/400  n=350  F1=39.02  BLEU1=40.44  TA(TSA)=97.71  EM=18.57  ArgF1=39.69 (n=342)  SlotAcc=33.47
  400/400  n=400  F1=39.19  BLEU1=40.45  TA(TSA)=97.25  EM=20.00  ArgF1=40.08 (n=389)  SlotAcc=33.71
final: n=400  F1=39.19  BLEU1=40.45  TA(TSA)=97.25  EM=20.00  ArgF1=40.08 (n=389)  SlotAcc=33.71
per-sample log: /mnt/e/hx/_DoctorXtion/intern_shxt/m2a/results/mem0-full.jsonl
